Microchip MPLAB XC8 Compiler V1.30 ()

Linker command line:

--edf=D:\Program Files (x86)\Microchip\xc8\v1.30\dat\en_msgs.txt -cs \
  -h+ZH-SL-S4080-1.sym --cmf=ZH-SL-S4080-1.cmf -z -Q16F1938 \
  -oC:\Users\HP\AppData\Local\Temp\s3dg.6 -MZH-SL-S4080-1.map -E1 -ver=XC8 \
  -ASTACK=022D0h-0236fh -pstack=STACK -ACONST=00h-0FFhx64 \
  -ACODE=00h-07FFhx8 -ASTRCODE=00h-03FFFh -AENTRY=00h-0FFhx64 \
  -ASTRING=00h-0FFhx64 -ACOMMON=070h-07Fh -ABANK0=020h-06Fh \
  -ABANK1=0A0h-0EFh -ABANK2=0120h-016Fh -ABANK3=01A0h-01EFh \
  -ABANK4=0220h-026Fh -ABANK5=02A0h-02EFh -ABANK6=0320h-036Fh \
  -ABANK7=03A0h-03EFh -ABANK8=0420h-046Fh -ABANK9=04A0h-04EFh \
  -ABANK10=0520h-056Fh -ABANK11=05A0h-05EFh -ABANK12=0620h-064Fh \
  -ABIGRAM=02000h-023EFh \
  -ARAM=020h-06Fh,0A0h-0EFh,0120h-016Fh,01A0h-01EFh,0220h-026Fh,02A0h-02EFh,0320h-036Fh,03A0h-03EFh,0420h-046Fh,04A0h-04EFh,0520h-056Fh,05A0h-05EFh,0620h-064Fh \
  -AABS1=020h-07Fh,0A0h-0EFh,0120h-016Fh,01A0h-01EFh,0220h-026Fh,02A0h-02EFh,0320h-036Fh,03A0h-03EFh,0420h-046Fh,04A0h-04EFh,0520h-056Fh,05A0h-05EFh,0620h-064Fh \
  -ASFR0=00h-01Fh -ASFR1=080h-09Fh -ASFR2=0100h-011Fh -ASFR3=0180h-019Fh \
  -ASFR4=0200h-021Fh -ASFR5=0280h-029Fh -ASFR6=0300h-031Fh \
  -ASFR7=0380h-039Fh -ASFR8=0400h-041Fh -ASFR9=0480h-049Fh \
  -ASFR10=0500h-051Fh -ASFR11=0580h-059Fh -ASFR12=0600h-061Fh \
  -ASFR13=0680h-06EFh -ASFR14=0700h-076Fh -ASFR15=0780h-07EFh \
  -ASFR16=0800h-086Fh -ASFR17=0880h-08EFh -ASFR18=0900h-096Fh \
  -ASFR19=0980h-09EFh -ASFR20=0A00h-0A6Fh -ASFR21=0A80h-0AEFh \
  -ASFR22=0B00h-0B6Fh -ASFR23=0B80h-0BEFh -ASFR24=0C00h-0C6Fh \
  -ASFR25=0C80h-0CEFh -ASFR26=0D00h-0D6Fh -ASFR27=0D80h-0DEFh \
  -ASFR28=0E00h-0E6Fh -ASFR29=0E80h-0EEFh -ASFR30=0F00h-0F6Fh \
  -ASFR31=0F80h-0FEFh -preset_vec=00h,intentry=04h,init,end_init \
  -ppowerup=CODE -pcinit=CODE -pfunctab=CODE -ACONFIG=08007h-08008h \
  -pconfig=CONFIG -DCONFIG=2 -AIDLOC=08000h-08003h -pidloc=IDLOC -DIDLOC=2 \
  -AEEDATA=00h-0FFh/0F000h -peeprom_data=EEDATA -DEEDATA=2 -DCODE=2 \
  -DSTRCODE=2 -DSTRING=2 -DCONST=2 -DENTRY=2 -k \
  C:\Users\HP\AppData\Local\Temp\s3dg.obj ZH-SL-S4080-1.obj 

Object code version is 3.11

Machine type is 16F1938



                Name                               Link     Load   Length Selector   Space Scale
C:\Users\HP\AppData\Local\Temp\s3dg.obj
                end_init                            2B1      2B1        2        8       0
                reset_vec                             0        0        2        0       0
                config                             8007     8007        2    1000E       0
ZH-SL-S4080-1.obj
                cinit                               929      929      6D7     1252       0
                intentry                              4        4      2AD        8       0
                eeprom_data                           0     F000       40    1E000       3
                text11_split_5                     21D5     21D5      62B     43AA       0
                text11_split_4                     350B     350B      2F5     6A16       0
                text11_split_3                     2077     2077      15E     40EE       0
                text11_split_2                     1835     1835      171     306A       0
                text11_split_1                      637      637      18A        8       0
                text57                              844      844        5     1088       0
                text56                              849      849        5     1092       0
                text54                              8D8      8D8       26     11B0       0
                text38                             19A6     19A6      65A     334C       0
                text24                              840      840        4     1080       0
                text16                              7C1      7C1       3F        8       0
                text15                              87A      87A       15     10F4       0
                text14                             2A1E     2A1E      5E2     543C       0
                text12                             3038     3038      25E     6070       0
                text11                              2B3      2B3      384        8       0
                text7                               8FE      8FE       2B     11FC       0
                text5                              1015     1015      7EB     202A       0
                text4                              3296     3296      275     652C       0
                text1                              2845     2845      1D9     508A       0
                cstackBANK0                          20       20       48       20       1
                cstackCOMMON                         70       70        C       70       1
                cstackBANK1                          DD       DD       13       A0       1
                cstackBANK5                         2E0      2E0        6      2A0       1
                inittext                            84E      84E        C     109C       0
                clrtext                             85A      85A        C     10B4       0
                bssBANK8                            420      420       50      420       1
                bssBANK7                            3A0      3A0       50      3A0       1
                bssBANK6                            320      320       15      320       1
                dataBANK5                           2E6      2E6        4      2A0       1
                bssBANK5                            2A0      2A0       40      2A0       1
                dataBANK4                           25A      25A       15      220       1
                bssBANK4                            220      220       3A      220       1
                dataBANK3                           1D2      1D2       1E      1A0       1
                bssBANK3                            1A0      1A0       32      1A0       1
                dataBANK2                           15A      15A       16      120       1
                bssBANK2                            120      120       3A      120       1
                dataBANK1                            C9       C9       14       A0       1
                bssBANK1                             A0       A0       29       A0       1
                bssBANK0                             68       68        4       20       1
                bssCOMMON                            7C       7C        2       70       1
                stringtext                         3800     3800      201       70       0
                idataBANK4                          88F      88F       15     111E       0
                idataBANK3                          8BA      8BA       1E     1174       0
                idataBANK2                          8A4      8A4       16     1148       0
                idataBANK1                          866      866       14     10CC       0

TOTAL           Name                               Link     Load   Length     Space
        CLASS   STACK          

        CLASS   CONST          

        CLASS   CODE           
                end_init                            2B1      2B1        2         0
                cinit                               929      929      6D7         0
                intentry                              4        4      2AD         0
                reset_vec                             0        0        2         0
                text11_split_5                     21D5     21D5      62B         0
                text11_split_4                     350B     350B      2F5         0
                text11_split_3                     2077     2077      15E         0
                text11_split_2                     1835     1835      171         0
                text11_split_1                      637      637      18A         0
                text57                              844      844        5         0
                text56                              849      849        5         0
                text54                              8D8      8D8       26         0
                text38                             19A6     19A6      65A         0
                text24                              840      840        4         0
                text16                              7C1      7C1       3F         0
                text15                              87A      87A       15         0
                text14                             2A1E     2A1E      5E2         0
                text12                             3038     3038      25E         0
                text11                              2B3      2B3      384         0
                text7                               8FE      8FE       2B         0
                text5                              1015     1015      7EB         0
                text4                              3296     3296      275         0
                text1                              2845     2845      1D9         0
                inittext                            84E      84E        C         0
                clrtext                             85A      85A        C         0
                idataBANK4                          88F      88F       15         0
                idataBANK3                          8BA      8BA       1E         0
                idataBANK2                          8A4      8A4       16         0
                idataBANK1                          866      866       14         0

        CLASS   STRCODE        
                stringtext                         3800     3800      201         0

        CLASS   ENTRY          

        CLASS   STRING         

        CLASS   COMMON         
                cstackCOMMON                         70       70        C         1
                bssCOMMON                            7C       7C        2         1

        CLASS   BANK0          
                cstackBANK0                          20       20       48         1
                bssBANK0                             68       68        4         1

        CLASS   BANK1          
                cstackBANK1                          DD       DD       13         1
                dataBANK1                            C9       C9       14         1
                bssBANK1                             A0       A0       29         1

        CLASS   BANK2          
                dataBANK2                           15A      15A       16         1
                bssBANK2                            120      120       3A         1

        CLASS   BANK3          
                dataBANK3                           1D2      1D2       1E         1
                bssBANK3                            1A0      1A0       32         1

        CLASS   BANK4          
                dataBANK4                           25A      25A       15         1
                bssBANK4                            220      220       3A         1

        CLASS   BANK5          
                cstackBANK5                         2E0      2E0        6         1
                dataBANK5                           2E6      2E6        4         1
                bssBANK5                            2A0      2A0       40         1

        CLASS   BANK6          
                bssBANK6                            320      320       15         1

        CLASS   BANK7          
                bssBANK7                            3A0      3A0       50         1

        CLASS   BANK8          
                bssBANK8                            420      420       50         1

        CLASS   BANK9          

        CLASS   BANK10         

        CLASS   BANK11         

        CLASS   BANK12         

        CLASS   BIGRAM         

        CLASS   RAM            

        CLASS   ABS1           
                abs_s1                               7E       7E        2         1
                abs_s1                              5A0      5A0       50         1
                abs_s1                              620      620       30         1
                abs_s1                             2370     2370        0         1

        CLASS   SFR0           

        CLASS   SFR1           

        CLASS   SFR2           

        CLASS   SFR3           

        CLASS   SFR4           

        CLASS   SFR5           

        CLASS   SFR6           

        CLASS   SFR7           

        CLASS   SFR8           

        CLASS   SFR9           

        CLASS   SFR10          

        CLASS   SFR11          

        CLASS   SFR12          

        CLASS   SFR13          

        CLASS   SFR14          

        CLASS   SFR15          

        CLASS   SFR16          

        CLASS   SFR17          

        CLASS   SFR18          

        CLASS   SFR19          

        CLASS   SFR20          

        CLASS   SFR21          

        CLASS   SFR22          

        CLASS   SFR23          

        CLASS   SFR24          

        CLASS   SFR25          

        CLASS   SFR26          

        CLASS   SFR27          

        CLASS   SFR28          

        CLASS   SFR29          

        CLASS   SFR30          

        CLASS   SFR31          

        CLASS   CONFIG         
                config                             8007     8007        2         0

        CLASS   IDLOC          

        CLASS   EEDATA         
                eeprom_data                           0     F000       40         3

        CLASS   BANK31         

        CLASS   BANK30         

        CLASS   BANK29         

        CLASS   BANK28         

        CLASS   BANK27         

        CLASS   BANK26         

        CLASS   BANK25         

        CLASS   BANK24         

        CLASS   BANK23         

        CLASS   BANK22         

        CLASS   BANK21         

        CLASS   BANK20         

        CLASS   BANK19         

        CLASS   BANK18         

        CLASS   BANK17         

        CLASS   BANK16         

        CLASS   BANK15         

        CLASS   BANK14         

        CLASS   BANK13         



SEGMENTS        Name                           Load    Length   Top    Selector   Space  Class     Delta

                reset_vec                      000000  000002  000002         0       0  CODE        2
                intentry                       000004  0007FC  000800         8       0  CODE        2
                cstackBANK0                    000020  00004C  00006C        20       1  BANK0       1
                cstackCOMMON                   000070  00000E  00007E        70       1  COMMON      1
                bssBANK1                       0000A0  000050  0000F0        A0       1  BANK1       1
                bssBANK2                       000120  000050  000170       120       1  BANK2       1
                bssBANK3                       0001A0  000050  0001F0       1A0       1  BANK3       1
                bssBANK4                       000220  00004F  00026F       220       1  BANK4       1
                bssBANK5                       0002A0  00004A  0002EA       2A0       1  BANK5       1
                bssBANK6                       000320  000015  000335       320       1  BANK6       1
                bssBANK7                       0003A0  000050  0003F0       3A0       1  BANK7       1
                bssBANK8                       000420  000050  000470       420       1  BANK8       1
                text24                         000840  000004  000844      1080       0  CODE        2
                text57                         000844  000005  000849      1088       0  CODE        2
                text56                         000849  000005  00084E      1092       0  CODE        2
                inittext                       00084E  00000C  00085A      109C       0  CODE        2
                clrtext                        00085A  00000C  000866      10B4       0  CODE        2
                idataBANK1                     000866  000014  00087A      10CC       0  CODE        2
                text15                         00087A  000015  00088F      10F4       0  CODE        2
                idataBANK4                     00088F  000015  0008A4      111E       0  CODE        2
                idataBANK2                     0008A4  000016  0008BA      1148       0  CODE        2
                idataBANK3                     0008BA  00001E  0008D8      1174       0  CODE        2
                text54                         0008D8  000026  0008FE      11B0       0  CODE        2
                text7                          0008FE  00002B  000929      11FC       0  CODE        2
                cinit                          000929  0006D7  001000      1252       0  CODE        2
                text5                          001015  0007EB  001800      202A       0  CODE        2
                text11_split_2                 001835  000171  0019A6      306A       0  CODE        2
                text38                         0019A6  00065A  002000      334C       0  CODE        2
                text11_split_3                 002077  00015E  0021D5      40EE       0  CODE        2
                text11_split_5                 0021D5  00062B  002800      43AA       0  CODE        2
                text1                          002845  0001D9  002A1E      508A       0  CODE        2
                text14                         002A1E  0005E2  003000      543C       0  CODE        2
                text12                         003038  00025E  003296      6070       0  CODE        2
                text4                          003296  000275  00350B      652C       0  CODE        2
                text11_split_4                 00350B  0002F5  003800      6A16       0  CODE        2
                stringtext                     003800  000201  003A01        70       0  STRCODE     2
                config                         008007  000002  008009     1000E       0  CONFIG      2
                eeprom_data                    00F000  000040  00F040     1E000       3  EEDATA      2


UNUSED ADDRESS RANGES

        Name                Unused          Largest block    Delta
        BANK0            00006C-00006F                4           1
        BANK10           000520-00056F               50           1
        BANK4            00026F-00026F                1           1
        BANK5            0002EA-0002EF                6           1
        BANK6            000335-00036F               3B           1
        BANK9            0004A0-0004EF               50           1
        BIGRAM           002000-0023EF              3F0           1
        CODE             000002-000003                2           2
                         000800-00083F               40
                         001000-001014               15
                         001800-001834               35
                         002000-002076               77
                         002800-002844               45
                         003000-003037               38
                         003A01-003FFF              5FF
        CONST            000002-000003                2           2
                         000800-00083F               40
                         001000-001014               15
                         001800-001834               35
                         002000-002076               77
                         002800-002844               45
                         003000-003037               38
                         003A01-003FFF              100
        EEDATA           00F040-00F0FF               C0           2
        ENTRY            000002-000003                2           2
                         000800-00083F               40
                         001000-001014               15
                         001800-001834               35
                         002000-002076               77
                         002800-002844               45
                         003000-003037               38
                         003A01-003FFF              100
        IDLOC            008000-008003                4           2
        RAM              00006C-00006F                4           1
                         00026F-00026F                1
                         0002EA-0002EF                6
                         000335-00036F               3B
                         0004A0-0004EF               50
                         000520-00056F               50
        SFR0             000000-00001F               20           1
        SFR1             000080-00009F               20           1
        SFR10            000500-00051F               20           1
        SFR11            000580-00059F               20           1
        SFR12            000600-00061F               20           1
        SFR13            000680-0006EF               70           1
        SFR14            000700-00076F               70           1
        SFR15            000780-0007EF               70           1
        SFR16            000800-00086F               70           1
        SFR17            000880-0008EF               70           1
        SFR18            000900-00096F               70           1
        SFR19            000980-0009EF               70           1
        SFR2             000100-00011F               20           1
        SFR20            000A00-000A6F               70           1
        SFR21            000A80-000AEF               70           1
        SFR22            000B00-000B6F               70           1
        SFR23            000B80-000BEF               70           1
        SFR24            000C00-000C6F               70           1
        SFR25            000C80-000CEF               70           1
        SFR26            000D00-000D6F               70           1
        SFR27            000D80-000DEF               70           1
        SFR28            000E00-000E6F               70           1
        SFR29            000E80-000EEF               70           1
        SFR3             000180-00019F               20           1
        SFR30            000F00-000F6F               70           1
        SFR31            000F80-000FEF               70           1
        SFR4             000200-00021F               20           1
        SFR5             000280-00029F               20           1
        SFR6             000300-00031F               20           1
        SFR7             000380-00039F               20           1
        SFR8             000400-00041F               20           1
        SFR9             000480-00049F               20           1
        STACK            0022D0-00236F               A0           1
        STRCODE          000002-000003                2           2
                         000800-00083F               40
                         001000-001014               15
                         001800-001834               35
                         002000-002076               77
                         002800-002844               45
                         003000-003037               38
                         003A01-003FFF              5FF
        STRING           000002-000003                2           2
                         000800-00083F               40
                         001000-001014               15
                         001800-001834               35
                         002000-002076               77
                         002800-002844               45
                         003000-003037               38
                         003A01-003FFF              100

                                  Symbol Table

?___awtoft                     cstackBANK0  00002B
?___ftadd                      cstackBANK0  000042
?___ftdiv                      cstackBANK0  000042
?___ftmul                      cstackBANK0  000033
?___ftpack                     cstackBANK0  000023
?___ftsub                      cstackBANK0  00004E
?___fttol                      cstackBANK0  000051
?___lbtoft                     cstackBANK0  00002B
?___lldiv                      cstackBANK0  000023
?___lmul                       cstackBANK0  000023
?___lwdiv                      cstackBANK0  000029
?___lwtoft                     cstackBANK0  000030
?___wmul                       cstackBANK0  000023
?_crc16                        cstackBANK0  000023
?_pid_calc                     cstackBANK0  000057
?_pid_calc_2                   cstackBANK0  000057
?_start_ad_convert             cstackBANK0  000030
Key_Menu@code                  cstackBANK0  000064
Key_Menu@key_value             cstackBANK0  000060
PL10                           text5        0016ED
PL100                          text14       002F44
PL102                          text11_split_2 001936
PL104                          text11_split_2 00193F
PL106                          text4        0034AB
PL108                          text5        00171B
PL110                          text11_split_2 001946
PL112                          text11_split_2 001952
PL114                          text1        002A03
PL116                          text11_split_2 00195E
PL118                          text4        0034B8
PL12                           text11_split_2 001862
PL120                          text5        001725
PL122                          text38       001F5E
PL124                          text38       001F64
PL126                          text4        0034C4
PL128                          text38       001F70
PL130                          text38       001F76
PL132                          text11_split_2 00196A
PL134                          text5        00172C
PL136                          text11_split_2 00197D
PL138                          text11_split_2 001985
PL14                           text11_split_2 00186C
PL140                          text11_split_2 001997
PL142                          text14       002F52
PL144                          text5        001730
PL146                          text11_split_2 0019A0
PL148                          text11_split_1 000637
PL150                          text38       001F89
PL152                          text11_split_1 000648
PL154                          text11_split_1 000659
PL156                          text11_split_1 000663
PL158                          text11_split_1 00066D
PL16                           text38       001ED6
PL160                          text11_split_1 000677
PL162                          text11_split_1 000687
PL164                          text11_split_1 000691
PL166                          text4        0034D0
PL168                          text5        00173B
PL170                          text5        001741
PL172                          text4        0034D8
PL174                          text5        001747
PL176                          text11_split_1 0006A1
PL178                          text5        00174D
PL18                           text38       001F08
PL180                          text11_split_1 0006B0
PL182                          text5        001753
PL184                          text5        001759
PL186                          text5        00175F
PL188                          text11_split_1 0006B6
PL190                          text11_split_1 0006C5
PL192                          text14       002F56
PL194                          text11_split_1 0006CD
PL196                          text11_split_1 0006D6
PL198                          text14       002F5E
PL2                            text11_split_2 001835
PL20                           text14       002EE6
PL200                          text5        001765
PL202                          text12       003289
PL204                          text11_split_1 0006DF
PL206                          text5        001772
PL208                          text5        00177F
PL210                          text5        00178C
PL212                          text5        001799
PL214                          text11_split_1 0006EC
PL216                          text5        0017A6
PL218                          text5        0017B3
PL22                           text14       002EF4
PL220                          text14       002F64
PL222                          text38       001F93
PL224                          text11_split_1 0006F9
PL226                          text4        0034E0
PL228                          text11_split_1 000705
PL230                          text11_split_1 00070C
PL232                          text11_split_1 000718
PL234                          text14       002F6A
PL236                          text1        002A0A
PL238                          text5        0017C0
PL24                           text38       001F17
PL240                          text38       001F9F
PL242                          text14       002F71
PL244                          text5        0017CB
PL246                          text11_split_1 000724
PL248                          text14       002F77
PL250                          text4        0034EC
PL252                          text11_split_1 000730
PL254                          text11_split_1 00073A
PL256                          text14       002F7D
PL258                          text11_split_1 000744
PL26                           text14       002F02
PL260                          text11_split_1 00074E
PL262                          text4        0034F4
PL264                          text4        0034FE
PL266                          text5        0017D7
PL268                          text11_split_1 000758
PL270                          text11_split_1 00075C
PL272                          text1        002A0F
PL274                          text38       001FAB
PL276                          text5        0017DE
PL278                          text14       002F82
PL28                           text14       002F0E
PL280                          text14       002F88
PL282                          text14       002F8E
PL284                          text11_split_1 000763
PL286                          text11_split_1 000768
PL288                          text38       001FB0
PL290                          text5        0017E4
PL292                          text38       001FB5
PL294                          text11_split_1 000771
PL296                          text11_split_1 000779
PL298                          text11_split_1 000781
PL30                           cinit        000FC0
PL300                          text5        0017EC
PL302                          text14       002F94
PL304                          text14       002F9A
PL306                          text14       002FA0
PL308                          text11_split_1 000786
PL310                          text5        0017F2
PL312                          text14       002FA7
PL314                          text14       002FAC
PL316                          text38       001FBC
PL318                          text11_split_1 00078D
PL32                           text12       003250
PL320                          text11_split_1 000794
PL322                          text38       001FC3
PL324                          text38       001FCA
PL326                          text4        003504
PL328                          text11_split_1 00079B
PL330                          cinit        000FC8
PL332                          text11_split_1 0007A1
PL334                          text11_split_1 0007A7
PL336                          text14       002FB3
PL338                          text5        0017F9
PL34                           text11_split_2 00187E
PL340                          text14       002FBA
PL342                          cinit        000FCF
PL344                          text14       002FC0
PL346                          text11_split_1 0007AD
PL348                          text14       002FC6
PL350                          text11_split_1 0007B2
PL352                          text14       002FCB
PL354                          text14       002FD1
PL356                          text14       002FD6
PL358                          text11_split_1 0007B7
PL36                           text11_split_2 001885
PL360                          cinit        000FD5
PL362                          text38       001FCE
PL364                          text14       002FDC
PL366                          text38       001FD4
PL368                          text1        002A15
PL370                          text1        002A1A
PL372                          text38       001FFC
PL374                          text14       002FE2
PL376                          text14       002FE7
PL378                          text11_split_1 0007BC
PL38                           text11_split_2 00188C
PL380                          text14       002FEC
PL382                          text14       002FF1
PL384                          text14       002FF6
PL386                          text14       002FFB
PL4                            text11_split_2 001848
PL40                           text11_split_2 001898
PL42                           text1        0029E6
PL44                           text5        0016FF
PL46                           text12       00325A
PL48                           text5        001707
PL50                           text12       00325E
PL52                           text11_split_2 0018A4
PL54                           text38       001F29
PL56                           text5        00170E
PL58                           text11_split_2 0018B5
PL6                            text11_split_2 001857
PL60                           text11_split_2 0018BC
PL62                           text11_split_2 0018C6
PL64                           text11_split_2 0018DD
PL66                           text1        0029FA
PL68                           text4        00349E
PL70                           text11_split_2 0018E7
PL72                           text38       001F3F
PL74                           text11_split_2 0018F4
PL76                           text11_split_2 0018FB
PL78                           text14       002F1A
PL8                            text12       0031D8
PL80                           text11_split_2 001908
PL82                           text38       001F56
PL84                           text11_split_2 001910
PL86                           text11_split_2 001918
PL88                           text11_split_2 001924
PL90                           text5        001715
PL92                           text14       002F20
PL94                           text11_split_2 001930
PL96                           text14       002F2B
PL98                           text14       002F36
Set_Bost_Pwm1_Duty@dduty       cstackBANK0  000023
Set_Bost_Pwm2_Duty@dduty       cstackBANK0  000023
Set_Buck_Pwm_Duty@duty         cstackBANK0  000023
_ADCON0bits                    (abs)        00009D
_ADCON1bits                    (abs)        00009E
_ADRESH                        (abs)        00009C
_ADRESL                        (abs)        00009B
_ANSA0                         (abs)        000C60
_ANSA1                         (abs)        000C61
_ANSA2                         (abs)        000C62
_ANSA3                         (abs)        000C63
_ANSA5                         (abs)        000C65
_ANSB2                         (abs)        000C6A
_ANSB3                         (abs)        000C6B
_ANSB4                         (abs)        000C6C
_ANSELA                        (abs)        00018C
_ANSELB                        (abs)        00018D
_APFCONbits                    (abs)        00011D
_Adjust_Pout_Flag              bssBANK0     00006A
_BAUDCON                       (abs)        00019F
_CARRY                         (abs)        000018
_CCP1CONbits                   (abs)        000293
_CCP3CONbits                   (abs)        000313
_CCP5CONbits                   (abs)        00031E
_CCPR1L                        (abs)        000291
_CCPR3L                        (abs)        000311
_CCPR5L                        (abs)        00031C
_CCPTMRS0bits                  (abs)        00029E
_CCPTMRS1bits                  (abs)        00029F
_CRCHi                         stringtext   003801
_CRCLo                         stringtext   003901
_Disable_Bost_Pwm1             text1        0029D7
_Disable_Bost_Pwm2             text38       001DF1
_Disable_Buck_Pwm              text38       001E55
_EEADR                         (abs)        000191
_EECON1                        (abs)        000195
_EECON2                        (abs)        000196
_EEDATA                        (abs)        000193
_Enable_Bost_Pwm1              text1        0029DC
_Enable_Bost_Pwm2              text1        0029E1
_Enable_Buck_Pwm               text24       000840
_FVRCONbits                    (abs)        000117
_GIE                           (abs)        00005F
_IOCBF0                        (abs)        001CB0
_IOCBF1                        (abs)        001CB1
_IOCBF6                        (abs)        001CB6
_IOCBF7                        (abs)        001CB7
_IOCBFbits                     (abs)        000396
_IOCBNbits                     (abs)        000395
_IOCBPbits                     (abs)        000394
_IOCIE                         (abs)        00005B
_IOCIF                         (abs)        000058
_I_prev                        bssBANK3     0001AD
_Init_Ird                      cinit        000BD5
_KEY_STATE                     bssBANK2     000129
_KEY_VALUE                     dataBANK2    00016E
_Key_Menu                      text38       0019A6
_LATAbits                      (abs)        00010C
_LATCbits                      (abs)        00010E
_Load2_Pmax                    dataBANK4    00025A
_Load_Pmax                     dataBANK4    00025D
_Mppt_Charge                   text4        00330C
_OPTION_REGbits                (abs)        000095
_OSCCON                        (abs)        000099
_PEIE                          (abs)        00005E
_PID_CC2_discharge             bssBANK4     000245
_PID_CC_charge                 bssBANK6     000320
_PID_CC_discharge              bssBANK3     0001BD
_PID_CV_charge                 bssBANK5     0002CB
_PIE1bits                      (abs)        000091
_PIR1bits                      (abs)        000011
_PORTBbits                     (abs)        00000D
_PORTCbits                     (abs)        00000E
_PR2                           (abs)        00001B
_PR4                           (abs)        000416
_PR6                           (abs)        00041D
_PSA                           (abs)        0004AB
_PWM                           bssBANK1     0000A0
_PWM2                          bssBANK3     0001A4
_PWM_I                         bssBANK4     000220
_PWM_I2                        bssBANK5     0002AC
_RA7                           (abs)        000067
_RC1                           (abs)        000071
_RCIE                          (abs)        00048D
_RCIF                          (abs)        00008D
_RCREG                         (abs)        000199
_RCSTA                         (abs)        00019D
_RCSTAbits                     (abs)        00019D
_RD                            (abs)        000CA8
_SP1BRGH                       (abs)        00019C
_SP1BRGL                       (abs)        00019B
_Set_Bost_Pwm1_Duty            text38       001D13
_Set_Bost_Pwm2_Duty            text38       001D3E
_Set_Buck_Pwm_Duty             text38       001E5A
_T1CON                         (abs)        000018
_T1GCONbits                    (abs)        000019
_T2CONbits                     (abs)        00001C
_T4CONbits                     (abs)        000417
_T6CONbits                     (abs)        00041E
_TMR0                          (abs)        000015
_TMR0CS                        (abs)        0004AD
_TMR0IE                        (abs)        00005D
_TMR0IF                        (abs)        00005A
_TMR1H                         (abs)        000017
_TMR1IE                        (abs)        000488
_TMR1IF                        (abs)        000088
_TMR1L                         (abs)        000016
_TMR1ON                        (abs)        0000C0
_TMR2IF                        (abs)        000089
_TMR2ON                        (abs)        0000E2
_TMR4IF                        (abs)        000099
_TMR4ON                        (abs)        0020BA
_TMR6IF                        (abs)        00009B
_TMR6ON                        (abs)        0020F2
_TRISAbits                     (abs)        00008C
_TRISBbits                     (abs)        00008D
_TRISCbits                     (abs)        00008E
_TXIE                          (abs)        00048C
_TXIF                          (abs)        00008C
_TXREG                         (abs)        00019A
_TXSTA                         (abs)        00019E
_TXSTAbits                     (abs)        00019E
_WDTCONbits                    (abs)        000097
_WR                            (abs)        000CA9
_WREN                          (abs)        000CAA
__Babs1                        abs1         01E080
__Bbank0                       bank0        01E080
__Bbank1                       bank1        01E080
__Bbank10                      bank10       01E080
__Bbank11                      bank11       01E080
__Bbank12                      bank12       01E080
__Bbank13                      bank13       01E080
__Bbank14                      bank14       01E080
__Bbank15                      bank15       01E080
__Bbank16                      bank16       01E080
__Bbank17                      bank17       01E080
__Bbank18                      bank18       01E080
__Bbank19                      bank19       01E080
__Bbank2                       bank2        01E080
__Bbank20                      bank20       01E080
__Bbank21                      bank21       01E080
__Bbank22                      bank22       01E080
__Bbank23                      bank23       01E080
__Bbank24                      bank24       01E080
__Bbank25                      bank25       01E080
__Bbank26                      bank26       01E080
__Bbank27                      bank27       01E080
__Bbank28                      bank28       01E080
__Bbank29                      bank29       01E080
__Bbank3                       bank3        01E080
__Bbank30                      bank30       01E080
__Bbank31                      bank31       01E080
__Bbank4                       bank4        01E080
__Bbank5                       bank5        01E080
__Bbank6                       bank6        01E080
__Bbank7                       bank7        01E080
__Bbank8                       bank8        01E080
__Bbank9                       bank9        01E080
__Bbigram                      bigram       01E080
__BbssBANK0                    bssBANK0     01E080
__BbssBANK1                    bssBANK1     01E080
__BbssBANK2                    bssBANK2     01E080
__BbssBANK3                    bssBANK3     01E080
__BbssBANK4                    bssBANK4     01E080
__BbssBANK5                    bssBANK5     01E080
__BbssBANK6                    bssBANK6     01E080
__BbssBANK7                    bssBANK7     01E080
__BbssBANK8                    bssBANK8     01E080
__BbssCOMMON                   bssCOMMON    01E080
__Bclrtext                     clrtext      01E080
__Bcode                        code         01E080
__Bcommon                      common       01E080
__BcstackBANK0                 cstackBANK0  01E080
__BcstackBANK1                 cstackBANK1  01E080
__BcstackBANK5                 cstackBANK5  01E080
__BcstackCOMMON                cstackCOMMON 01E080
__BdataBANK1                   dataBANK1    01E080
__BdataBANK2                   dataBANK2    01E080
__BdataBANK3                   dataBANK3    01E080
__BdataBANK4                   dataBANK4    01E080
__BdataBANK5                   dataBANK5    01E080
__Beeprom_data                 eeprom_data  00F000
__BidataBANK1                  idataBANK1   01E080
__BidataBANK2                  idataBANK2   01E080
__BidataBANK3                  idataBANK3   01E080
__BidataBANK4                  idataBANK4   01E080
__BidataBANK5                  idataBANK5   01E080
__Binittext                    inittext     01E080
__Bmaintext                    maintext     01E080
__Bpa_nodes                    pa_nodes     01E080
__Bram                         ram          01E080
__Bsfr0                        sfr0         01E080
__Bsfr1                        sfr1         01E080
__Bsfr10                       sfr10        01E080
__Bsfr11                       sfr11        01E080
__Bsfr12                       sfr12        01E080
__Bsfr13                       sfr13        01E080
__Bsfr14                       sfr14        01E080
__Bsfr15                       sfr15        01E080
__Bsfr16                       sfr16        01E080
__Bsfr17                       sfr17        01E080
__Bsfr18                       sfr18        01E080
__Bsfr19                       sfr19        01E080
__Bsfr2                        sfr2         01E080
__Bsfr20                       sfr20        01E080
__Bsfr21                       sfr21        01E080
__Bsfr22                       sfr22        01E080
__Bsfr23                       sfr23        01E080
__Bsfr24                       sfr24        01E080
__Bsfr25                       sfr25        01E080
__Bsfr26                       sfr26        01E080
__Bsfr27                       sfr27        01E080
__Bsfr28                       sfr28        01E080
__Bsfr29                       sfr29        01E080
__Bsfr3                        sfr3         01E080
__Bsfr30                       sfr30        01E080
__Bsfr31                       sfr31        01E080
__Bsfr4                        sfr4         01E080
__Bsfr5                        sfr5         01E080
__Bsfr6                        sfr6         01E080
__Bsfr7                        sfr7         01E080
__Bsfr8                        sfr8         01E080
__Bsfr9                        sfr9         01E080
__Bstrings                     strings      01E080
__Bstringtext                  stringtext   01E080
__Btext                        text         01E080
__CFG_BOREN$ON                 (abs)        000000
__CFG_BORV$LO                  (abs)        000000
__CFG_CLKOUTEN$OFF             (abs)        000000
__CFG_CP$OFF                   (abs)        000000
__CFG_CPD$OFF                  (abs)        000000
__CFG_FCMEN$OFF                (abs)        000000
__CFG_FOSC$INTOSC              (abs)        000000
__CFG_IESO$OFF                 (abs)        000000
__CFG_LVP$ON                   (abs)        000000
__CFG_MCLRE$ON                 (abs)        000000
__CFG_PLLEN$ON                 (abs)        000000
__CFG_PWRTE$OFF                (abs)        000000
__CFG_STVREN$ON                (abs)        000000
__CFG_VCAPEN$OFF               (abs)        000000
__CFG_WDTE$NSLEEP              (abs)        000000
__CFG_WRT$OFF                  (abs)        000000
__Habs1                        abs1         000080
__Hbank0                       bank0        000080
__Hbank1                       bank1        000080
__Hbank10                      bank10       000080
__Hbank11                      bank11       000080
__Hbank12                      bank12       000080
__Hbank13                      bank13       000080
__Hbank14                      bank14       000080
__Hbank15                      bank15       000080
__Hbank16                      bank16       000080
__Hbank17                      bank17       000080
__Hbank18                      bank18       000080
__Hbank19                      bank19       000080
__Hbank2                       bank2        000080
__Hbank20                      bank20       000080
__Hbank21                      bank21       000080
__Hbank22                      bank22       000080
__Hbank23                      bank23       000080
__Hbank24                      bank24       000080
__Hbank25                      bank25       000080
__Hbank26                      bank26       000080
__Hbank27                      bank27       000080
__Hbank28                      bank28       000080
__Hbank29                      bank29       000080
__Hbank3                       bank3        000080
__Hbank30                      bank30       000080
__Hbank31                      bank31       000080
__Hbank4                       bank4        000080
__Hbank5                       bank5        000080
__Hbank6                       bank6        000080
__Hbank7                       bank7        000080
__Hbank8                       bank8        000080
__Hbank9                       bank9        000080
__Hbigram                      bigram       000080
__HbssBANK0                    bssBANK0     000080
__HbssBANK1                    bssBANK1     000080
__HbssBANK2                    bssBANK2     000080
__HbssBANK3                    bssBANK3     000080
__HbssBANK4                    bssBANK4     000080
__HbssBANK5                    bssBANK5     000080
__HbssBANK6                    bssBANK6     000080
__HbssBANK7                    bssBANK7     000080
__HbssBANK8                    bssBANK8     000080
__HbssCOMMON                   bssCOMMON    000080
__Hcinit                       cinit        001000
__Hclrtext                     clrtext      000080
__Hcode                        code         000080
__Hcommon                      common       000080
__Hconfig                      config       008009
__HcstackBANK0                 cstackBANK0  000080
__HcstackBANK1                 cstackBANK1  000080
__HcstackBANK5                 cstackBANK5  000080
__HcstackCOMMON                cstackCOMMON 000080
__HdataBANK1                   dataBANK1    000080
__HdataBANK2                   dataBANK2    000080
__HdataBANK3                   dataBANK3    000080
__HdataBANK4                   dataBANK4    000080
__HdataBANK5                   dataBANK5    000080
__Heeprom_data                 eeprom_data  000040
__Hend_init                    end_init     0002B3
__Hfunctab                     functab      000000
__HidataBANK1                  idataBANK1   000080
__HidataBANK2                  idataBANK2   000080
__HidataBANK3                  idataBANK3   000080
__HidataBANK4                  idataBANK4   000080
__HidataBANK5                  idataBANK5   000080
__Hidloc                       idloc        000000
__Hinit                        init         0002B1
__Hinittext                    inittext     000080
__Hintentry                    intentry     0002B1
__Hmaintext                    maintext     000080
__Hpa_nodes                    pa_nodes     000080
__Hpowerup                     powerup      000000
__Hram                         ram          000080
__Hreset_vec                   reset_vec    000002
__Hsfr0                        sfr0         000080
__Hsfr1                        sfr1         000080
__Hsfr10                       sfr10        000080
__Hsfr11                       sfr11        000080
__Hsfr12                       sfr12        000080
__Hsfr13                       sfr13        000080
__Hsfr14                       sfr14        000080
__Hsfr15                       sfr15        000080
__Hsfr16                       sfr16        000080
__Hsfr17                       sfr17        000080
__Hsfr18                       sfr18        000080
__Hsfr19                       sfr19        000080
__Hsfr2                        sfr2         000080
__Hsfr20                       sfr20        000080
__Hsfr21                       sfr21        000080
__Hsfr22                       sfr22        000080
__Hsfr23                       sfr23        000080
__Hsfr24                       sfr24        000080
__Hsfr25                       sfr25        000080
__Hsfr26                       sfr26        000080
__Hsfr27                       sfr27        000080
__Hsfr28                       sfr28        000080
__Hsfr29                       sfr29        000080
__Hsfr3                        sfr3         000080
__Hsfr30                       sfr30        000080
__Hsfr31                       sfr31        000080
__Hsfr4                        sfr4         000080
__Hsfr5                        sfr5         000080
__Hsfr6                        sfr6         000080
__Hsfr7                        sfr7         000080
__Hsfr8                        sfr8         000080
__Hsfr9                        sfr9         000080
__Hstack                       stack        000000
__Hstrings                     strings      000080
__Hstringtext                  stringtext   000080
__Htext                        text         000080
__Labs1                        abs1         000080
__Lbank0                       bank0        000080
__Lbank1                       bank1        000080
__Lbank10                      bank10       000080
__Lbank11                      bank11       000080
__Lbank12                      bank12       000080
__Lbank13                      bank13       000080
__Lbank14                      bank14       000080
__Lbank15                      bank15       000080
__Lbank16                      bank16       000080
__Lbank17                      bank17       000080
__Lbank18                      bank18       000080
__Lbank19                      bank19       000080
__Lbank2                       bank2        000080
__Lbank20                      bank20       000080
__Lbank21                      bank21       000080
__Lbank22                      bank22       000080
__Lbank23                      bank23       000080
__Lbank24                      bank24       000080
__Lbank25                      bank25       000080
__Lbank26                      bank26       000080
__Lbank27                      bank27       000080
__Lbank28                      bank28       000080
__Lbank29                      bank29       000080
__Lbank3                       bank3        000080
__Lbank30                      bank30       000080
__Lbank31                      bank31       000080
__Lbank4                       bank4        000080
__Lbank5                       bank5        000080
__Lbank6                       bank6        000080
__Lbank7                       bank7        000080
__Lbank8                       bank8        000080
__Lbank9                       bank9        000080
__Lbigram                      bigram       000080
__LbssBANK0                    bssBANK0     000080
__LbssBANK1                    bssBANK1     000080
__LbssBANK2                    bssBANK2     000080
__LbssBANK3                    bssBANK3     000080
__LbssBANK4                    bssBANK4     000080
__LbssBANK5                    bssBANK5     000080
__LbssBANK6                    bssBANK6     000080
__LbssBANK7                    bssBANK7     000080
__LbssBANK8                    bssBANK8     000080
__LbssCOMMON                   bssCOMMON    000080
__Lcinit                       cinit        000929
__Lclrtext                     clrtext      000080
__Lcode                        code         000080
__Lcommon                      common       000080
__Lconfig                      config       008007
__LcstackBANK0                 cstackBANK0  000080
__LcstackBANK1                 cstackBANK1  000080
__LcstackBANK5                 cstackBANK5  000080
__LcstackCOMMON                cstackCOMMON 000080
__LdataBANK1                   dataBANK1    000080
__LdataBANK2                   dataBANK2    000080
__LdataBANK3                   dataBANK3    000080
__LdataBANK4                   dataBANK4    000080
__LdataBANK5                   dataBANK5    000080
__Leeprom_data                 eeprom_data  000000
__Lend_init                    end_init     0002B1
__Lfunctab                     functab      000000
__LidataBANK1                  idataBANK1   000080
__LidataBANK2                  idataBANK2   000080
__LidataBANK3                  idataBANK3   000080
__LidataBANK4                  idataBANK4   000080
__LidataBANK5                  idataBANK5   000080
__Lidloc                       idloc        000000
__Linit                        init         0002B1
__Linittext                    inittext     000080
__Lintentry                    intentry     000004
__Lmaintext                    maintext     000080
__Lpa_nodes                    pa_nodes     000080
__Lpowerup                     powerup      000000
__Lram                         ram          000080
__Lreset_vec                   reset_vec    000000
__Lsfr0                        sfr0         000080
__Lsfr1                        sfr1         000080
__Lsfr10                       sfr10        000080
__Lsfr11                       sfr11        000080
__Lsfr12                       sfr12        000080
__Lsfr13                       sfr13        000080
__Lsfr14                       sfr14        000080
__Lsfr15                       sfr15        000080
__Lsfr16                       sfr16        000080
__Lsfr17                       sfr17        000080
__Lsfr18                       sfr18        000080
__Lsfr19                       sfr19        000080
__Lsfr2                        sfr2         000080
__Lsfr20                       sfr20        000080
__Lsfr21                       sfr21        000080
__Lsfr22                       sfr22        000080
__Lsfr23                       sfr23        000080
__Lsfr24                       sfr24        000080
__Lsfr25                       sfr25        000080
__Lsfr26                       sfr26        000080
__Lsfr27                       sfr27        000080
__Lsfr28                       sfr28        000080
__Lsfr29                       sfr29        000080
__Lsfr3                        sfr3         000080
__Lsfr30                       sfr30        000080
__Lsfr31                       sfr31        000080
__Lsfr4                        sfr4         000080
__Lsfr5                        sfr5         000080
__Lsfr6                        sfr6         000080
__Lsfr7                        sfr7         000080
__Lsfr8                        sfr8         000080
__Lsfr9                        sfr9         000080
__Lstack                       stack        000000
__Lstrings                     strings      000080
__Lstringtext                  stringtext   000080
__Ltext                        text         000080
__S0                           (abs)        008009
__S1                           (abs)        000470
__S2                           (abs)        000000
__S3                           (abs)        00F040
___awtoft                      cinit        000F49
___awtoft@c                    cstackBANK0  00002B
___awtoft@sign                 cstackBANK0  00002E
___ftadd                       cinit        000B0F
___ftadd@exp1                  cstackBANK0  00004D
___ftadd@exp2                  cstackBANK0  00004C
___ftadd@f1                    cstackBANK0  000042
___ftadd@f2                    cstackBANK0  000045
___ftadd@sign                  cstackBANK0  00004B
___ftdiv                       text38       001D8F
___ftdiv@cntr                  cstackBANK0  00004B
___ftdiv@exp                   cstackBANK0  00004F
___ftdiv@f1                    cstackBANK0  000045
___ftdiv@f2                    cstackBANK0  000042
___ftdiv@f3                    cstackBANK0  00004C
___ftdiv@sign                  cstackBANK0  000050
___ftge                        text4        003472
___ftge@ff1                    cstackBANK0  000051
___ftge@ff2                    cstackBANK0  000054
___ftmul                       cinit        000AAA
___ftmul@cntr                  cstackBANK0  000040
___ftmul@exp                   cstackBANK0  00003C
___ftmul@f1                    cstackBANK0  000033
___ftmul@f2                    cstackBANK0  000036
___ftmul@f3_as_product         cstackBANK0  00003D
___ftmul@sign                  cstackBANK0  000041
___ftpack                      text38       001E85
___ftpack@arg                  cstackBANK0  000023
___ftpack@exp                  cstackBANK0  000026
___ftpack@sign                 cstackBANK0  000027
___ftsub                       text14       002ECF
___ftsub@f1                    cstackBANK0  000051
___ftsub@f2                    cstackBANK0  00004E
___fttol                       text38       001E00
___fttol@exp1                  cstackBANK0  00005D
___fttol@f1                    cstackBANK0  000051
___fttol@lval                  cstackBANK0  000059
___fttol@sign1                 cstackBANK0  000058
___int_sp                      stack        000000
___latbits                     (abs)        000003
___lbtoft                      cinit        000F65
___lbtoft@c                    cstackBANK0  00002F
___lldiv                       text16       0007C1
___lldiv@counter               cstackBANK0  00002F
___lldiv@dividend              cstackBANK0  000027
___lldiv@divisor               cstackBANK0  000023
___lldiv@quotient              cstackBANK0  00002B
___lmul                        cinit        000FDB
___lmul@multiplicand           cstackBANK0  000027
___lmul@multiplier             cstackBANK0  000023
___lmul@product                cstackBANK0  00002B
___lwdiv                       text12       0031B3
___lwdiv@counter               cstackBANK0  00002D
___lwdiv@dividend              cstackBANK0  00002B
___lwdiv@divisor               cstackBANK0  000029
___lwdiv@quotient              cstackBANK0  00002E
___lwtoft                      text4        003461
___lwtoft@c                    cstackBANK0  000030
___sp                          stack        000000
___wmul                        text15       00087A
___wmul@multiplicand           cstackBANK0  000025
___wmul@multiplier             cstackBANK0  000023
___wmul@product                cstackBANK0  000027
__end_ofPL10                   text5        0016FF
__end_ofPL100                  text14       002F52
__end_ofPL102                  text11_split_2 00193F
__end_ofPL104                  text11_split_2 001946
__end_ofPL106                  text4        0034B8
__end_ofPL108                  text5        001725
__end_ofPL110                  text11_split_2 001952
__end_ofPL112                  text11_split_2 00195E
__end_ofPL114                  text1        002A0A
__end_ofPL116                  text11_split_2 00196A
__end_ofPL118                  text4        0034C4
__end_ofPL12                   text11_split_2 00186C
__end_ofPL120                  text5        00172C
__end_ofPL122                  text38       001F64
__end_ofPL124                  text38       001F70
__end_ofPL126                  text4        0034D0
__end_ofPL128                  text38       001F76
__end_ofPL130                  text38       001F89
__end_ofPL132                  text11_split_2 00197D
__end_ofPL134                  text5        001730
__end_ofPL136                  text11_split_2 001985
__end_ofPL138                  text11_split_2 001997
__end_ofPL14                   text11_split_2 00187E
__end_ofPL140                  text11_split_2 0019A0
__end_ofPL142                  text14       002F56
__end_ofPL144                  text5        00173B
__end_ofPL146                  text11_split_1 000637
__end_ofPL148                  text11_split_1 000648
__end_ofPL150                  text38       001F93
__end_ofPL152                  text11_split_1 000659
__end_ofPL154                  text11_split_1 000663
__end_ofPL156                  text11_split_1 00066D
__end_ofPL158                  text11_split_1 000677
__end_ofPL16                   text38       001F08
__end_ofPL160                  text11_split_1 000687
__end_ofPL162                  text11_split_1 000691
__end_ofPL164                  text11_split_1 0006A1
__end_ofPL166                  text4        0034D8
__end_ofPL168                  text5        001741
__end_ofPL170                  text5        001747
__end_ofPL172                  text4        0034E0
__end_ofPL174                  text5        00174D
__end_ofPL176                  text11_split_1 0006B0
__end_ofPL178                  text5        001753
__end_ofPL18                   text38       001F17
__end_ofPL180                  text11_split_1 0006B6
__end_ofPL182                  text5        001759
__end_ofPL184                  text5        00175F
__end_ofPL186                  text5        001765
__end_ofPL188                  text11_split_1 0006C5
__end_ofPL190                  text11_split_1 0006CD
__end_ofPL192                  text14       002F5E
__end_ofPL194                  text11_split_1 0006D6
__end_ofPL196                  text11_split_1 0006DF
__end_ofPL198                  text14       002F64
__end_ofPL2                    text11_split_2 001848
__end_ofPL20                   text14       002EF4
__end_ofPL200                  text5        001772
__end_ofPL202                  text12       003296
__end_ofPL204                  text11_split_1 0006EC
__end_ofPL206                  text5        00177F
__end_ofPL208                  text5        00178C
__end_ofPL210                  text5        001799
__end_ofPL212                  text5        0017A6
__end_ofPL214                  text11_split_1 0006F9
__end_ofPL216                  text5        0017B3
__end_ofPL218                  text5        0017C0
__end_ofPL22                   text14       002F02
__end_ofPL220                  text14       002F6A
__end_ofPL222                  text38       001F9F
__end_ofPL224                  text11_split_1 000705
__end_ofPL226                  text4        0034EC
__end_ofPL228                  text11_split_1 00070C
__end_ofPL230                  text11_split_1 000718
__end_ofPL232                  text11_split_1 000724
__end_ofPL234                  text14       002F71
__end_ofPL236                  text1        002A0F
__end_ofPL238                  text5        0017CB
__end_ofPL24                   text38       001F29
__end_ofPL240                  text38       001FAB
__end_ofPL242                  text14       002F77
__end_ofPL244                  text5        0017D7
__end_ofPL246                  text11_split_1 000730
__end_ofPL248                  text14       002F7D
__end_ofPL250                  text4        0034F4
__end_ofPL252                  text11_split_1 00073A
__end_ofPL254                  text11_split_1 000744
__end_ofPL256                  text14       002F82
__end_ofPL258                  text11_split_1 00074E
__end_ofPL26                   text14       002F0E
__end_ofPL260                  text11_split_1 000758
__end_ofPL262                  text4        0034FE
__end_ofPL264                  text4        003504
__end_ofPL266                  text5        0017DE
__end_ofPL268                  text11_split_1 00075C
__end_ofPL270                  text11_split_1 000763
__end_ofPL272                  text1        002A15
__end_ofPL274                  text38       001FB0
__end_ofPL276                  text5        0017E4
__end_ofPL278                  text14       002F88
__end_ofPL28                   text14       002F1A
__end_ofPL280                  text14       002F8E
__end_ofPL282                  text14       002F94
__end_ofPL284                  text11_split_1 000768
__end_ofPL286                  text11_split_1 000771
__end_ofPL288                  text38       001FB5
__end_ofPL290                  text5        0017EC
__end_ofPL292                  text38       001FBC
__end_ofPL294                  text11_split_1 000779
__end_ofPL296                  text11_split_1 000781
__end_ofPL298                  text11_split_1 000786
__end_ofPL30                   cinit        000FC8
__end_ofPL300                  text5        0017F2
__end_ofPL302                  text14       002F9A
__end_ofPL304                  text14       002FA0
__end_ofPL306                  text14       002FA7
__end_ofPL308                  text11_split_1 00078D
__end_ofPL310                  text5        0017F9
__end_ofPL312                  text14       002FAC
__end_ofPL314                  text14       002FB3
__end_ofPL316                  text38       001FC3
__end_ofPL318                  text11_split_1 000794
__end_ofPL32                   text12       00325A
__end_ofPL320                  text11_split_1 00079B
__end_ofPL322                  text38       001FCA
__end_ofPL324                  text38       001FCE
__end_ofPL326                  text4        00350B
__end_ofPL328                  text11_split_1 0007A1
__end_ofPL330                  cinit        000FCF
__end_ofPL332                  text11_split_1 0007A7
__end_ofPL334                  text11_split_1 0007AD
__end_ofPL336                  text14       002FBA
__end_ofPL338                  text5        001800
__end_ofPL34                   text11_split_2 001885
__end_ofPL340                  text14       002FC0
__end_ofPL342                  cinit        000FD5
__end_ofPL344                  text14       002FC6
__end_ofPL346                  text11_split_1 0007B2
__end_ofPL348                  text14       002FCB
__end_ofPL350                  text11_split_1 0007B7
__end_ofPL352                  text14       002FD1
__end_ofPL354                  text14       002FD6
__end_ofPL356                  text14       002FDC
__end_ofPL358                  text11_split_1 0007BC
__end_ofPL36                   text11_split_2 00188C
__end_ofPL360                  cinit        000FDB
__end_ofPL362                  text38       001FD4
__end_ofPL364                  text14       002FE2
__end_ofPL366                  text38       001FD9
__end_ofPL368                  text1        002A1A
__end_ofPL370                  text1        002A1E
__end_ofPL372                  text38       002000
__end_ofPL374                  text14       002FE7
__end_ofPL376                  text14       002FEC
__end_ofPL378                  text11_split_1 0007C1
__end_ofPL38                   text11_split_2 001898
__end_ofPL380                  text14       002FF1
__end_ofPL382                  text14       002FF6
__end_ofPL384                  text14       002FFB
__end_ofPL386                  text14       003000
__end_ofPL4                    text11_split_2 001857
__end_ofPL40                   text11_split_2 0018A4
__end_ofPL42                   text1        0029FA
__end_ofPL44                   text5        001707
__end_ofPL46                   text12       00325E
__end_ofPL48                   text5        00170E
__end_ofPL50                   text12       003289
__end_ofPL52                   text11_split_2 0018B5
__end_ofPL54                   text38       001F3F
__end_ofPL56                   text5        001715
__end_ofPL58                   text11_split_2 0018BC
__end_ofPL6                    text11_split_2 001862
__end_ofPL60                   text11_split_2 0018C6
__end_ofPL62                   text11_split_2 0018DD
__end_ofPL64                   text11_split_2 0018E7
__end_ofPL66                   text1        002A03
__end_ofPL68                   text4        0034AB
__end_ofPL70                   text11_split_2 0018F4
__end_ofPL72                   text38       001F56
__end_ofPL74                   text11_split_2 0018FB
__end_ofPL76                   text11_split_2 001908
__end_ofPL78                   text14       002F20
__end_ofPL8                    text12       003250
__end_ofPL80                   text11_split_2 001910
__end_ofPL82                   text38       001F5E
__end_ofPL84                   text11_split_2 001918
__end_ofPL86                   text11_split_2 001924
__end_ofPL88                   text11_split_2 001930
__end_ofPL90                   text5        00171B
__end_ofPL92                   text14       002F2B
__end_ofPL94                   text11_split_2 001936
__end_ofPL96                   text14       002F36
__end_ofPL98                   text14       002F44
__end_of_CRCHi                 stringtext   003901
__end_of_CRCLo                 stringtext   003A01
__end_of_Disable_Bost_Pwm1     text1        0029DC
__end_of_Disable_Bost_Pwm2     text38       001DF6
__end_of_Disable_Buck_Pwm      text38       001E5A
__end_of_Enable_Bost_Pwm1      text1        0029E1
__end_of_Enable_Bost_Pwm2      text1        0029E6
__end_of_Enable_Buck_Pwm       text24       000844
__end_of_Init_Ird              cinit        000BEA
__end_of_Key_Menu              text38       001AB3
__end_of_Mppt_Charge           text4        003461
__end_of_Set_Bost_Pwm1_Duty    text38       001D3E
__end_of_Set_Bost_Pwm2_Duty    text38       001D6C
__end_of_Set_Buck_Pwm_Duty     text38       001E85
__end_of___awtoft              cinit        000F65
__end_of___ftadd               cinit        000BC4
__end_of___ftdiv               text38       001DF1
__end_of___ftge                text4        00349E
__end_of___ftmul               cinit        000B0F
__end_of___ftpack              text38       001EBF
__end_of___ftsub               text14       002EE6
__end_of___fttol               text38       001E55
__end_of___lbtoft              cinit        000F76
__end_of___lldiv               text16       000800
__end_of___lmul                cinit        001000
__end_of___lwdiv               text12       0031D8
__end_of___lwtoft              text4        003472
__end_of___wmul                text15       00088F
__end_of__initialization       cinit        0009D2
__end_of__stringtab            stringtext   003801
__end_of_application_init      cinit        000AAA
__end_of_auto_system           text4        00330C
__end_of_crc16                 text7        000929
__end_of_delay_ms              text38       001D8F
__end_of_driver_init           cinit        000BD5
__end_of_eeprom_read           cinit        000F49
__end_of_eeprom_write          text1        0029D7
__end_of_handle_ad_loop        text11_split_5 002800
__end_of_handle_task_process   text38       001D13
__end_of_handle_uart_rx_buf    text5        0016ED
__end_of_init_adc              cinit        000C09
__end_of_init_interrupt        cinit        000C5F
__end_of_init_key              cinit        000C0F
__end_of_init_osc              cinit        000C17
__end_of_init_port             cinit        000C30
__end_of_init_pwm              cinit        000FC0
__end_of_init_timer1           cinit        000C3D
__end_of_init_uart1            cinit        000C4E
__end_of_isr                   intentry     0002B1
__end_of_main                  cinit        000A30
__end_of_memset                text38       001ED6
__end_of_middle_init           cinit        000C52
__end_of_pid_calc              text14       002ECF
__end_of_pid_calc_2            text14       002C81
__end_of_pid_init              text38       001E00
__end_of_read_param_eeprom     cinit        000F32
__end_of_scan_key_value        text1        0029BA
__end_of_start_ad_convert      text12       0031B3
__end_ofi1_Disable_Bost_Pwm1   text57       000849
__end_ofi1_Disable_Bost_Pwm2   text56       00084E
__end_ofi1_Set_Bost_Pwm1_Duty  text38       001FFC
__end_ofi1_Set_Bost_Pwm2_Duty  text54       0008FE
__initialization               cinit        000929
__pbssBANK0                    bssBANK0     000068
__pbssBANK1                    bssBANK1     0000A0
__pbssBANK2                    bssBANK2     000120
__pbssBANK3                    bssBANK3     0001A0
__pbssBANK4                    bssBANK4     000220
__pbssBANK5                    bssBANK5     0002A0
__pbssBANK6                    bssBANK6     000320
__pbssBANK7                    bssBANK7     0003A0
__pbssBANK8                    bssBANK8     000420
__pbssBIGRAM                   (abs)        002370
__pbssCOMMON                   bssCOMMON    00007C
__pcstackBANK0                 cstackBANK0  000020
__pcstackBANK1                 cstackBANK1  0000DD
__pcstackBANK5                 cstackBANK5  0002E0
__pcstackCOMMON                cstackCOMMON 000070
__pdataBANK1                   dataBANK1    0000C9
__pdataBANK2                   dataBANK2    00015A
__pdataBANK3                   dataBANK3    0001D2
__pdataBANK4                   dataBANK4    00025A
__pdataBANK5                   dataBANK5    0002E6
__pidataBANK1                  idataBANK1   000866
__pidataBANK2                  idataBANK2   0008A4
__pidataBANK3                  idataBANK3   0008BA
__pidataBANK4                  idataBANK4   00088F
__pidataBANK5                  idataBANK5   000000
__pintentry                    intentry     000004
__pmaintext                    cinit        0009D4
__pstringtext                  stringtext   003800
__ptext1                       text1        002845
__ptext10                      text38       001AB3
__ptext11                      text11       0002B3
__ptext12                      text12       003038
__ptext13                      text12       0031B3
__ptext14                      text14       002A1E
__ptext15                      text15       00087A
__ptext16                      text16       0007C1
__ptext17                      text4        00330C
__ptext18                      text14       002C81
__ptext19                      text14       002ECF
__ptext2                       cinit        000C4E
__ptext20                      text4        003472
__ptext21                      cinit        000F49
__ptext22                      text4        003461
__ptext23                      text38       001E00
__ptext24                      text24       000840
__ptext25                      cinit        000BC4
__ptext26                      cinit        000C3D
__ptext27                      cinit        000C30
__ptext28                      cinit        000F76
__ptext29                      cinit        000C17
__ptext3                       cinit        000C5F
__ptext30                      cinit        000C0F
__ptext31                      cinit        000C09
__ptext32                      cinit        000C52
__ptext33                      cinit        000BEA
__ptext34                      cinit        000BD5
__ptext35                      cinit        000A30
__ptext36                      text38       001DF6
__ptext37                      text38       001EBF
__ptext38                      text38       0019A6
__ptext39                      text1        0029BA
__ptext4                       text4        003296
__ptext40                      text38       001D6C
__ptext41                      text38       001E5A
__ptext42                      text38       001D3E
__ptext43                      text38       001D13
__ptext44                      text1        0029E1
__ptext45                      text1        0029DC
__ptext46                      text38       001E55
__ptext47                      text38       001DF1
__ptext48                      text1        0029D7
__ptext49                      cinit        000AAA
__ptext5                       text5        001015
__ptext50                      text38       001D8F
__ptext51                      cinit        000B0F
__ptext52                      text38       001E85
__ptext54                      text54       0008D8
__ptext55                      text38       001FD9
__ptext56                      text56       000849
__ptext57                      text57       000844
__ptext6                       cinit        000F32
__ptext7                       text7        0008FE
__ptext8                       cinit        000FDB
__ptext9                       cinit        000F65
__size_of_Disable_Bost_Pwm1    (abs)        000000
__size_of_Disable_Bost_Pwm2    (abs)        000000
__size_of_Disable_Buck_Pwm     (abs)        000000
__size_of_Enable_Bost_Pwm1     (abs)        000000
__size_of_Enable_Bost_Pwm2     (abs)        000000
__size_of_Enable_Buck_Pwm      (abs)        000000
__size_of_Init_Ird             (abs)        000000
__size_of_Key_Menu             (abs)        000000
__size_of_Mppt_Charge          (abs)        000000
__size_of_Set_Bost_Pwm1_Duty   (abs)        000000
__size_of_Set_Bost_Pwm2_Duty   (abs)        000000
[...]
Total ram usage:        4 bytes
 Hardware stack levels used:    1
 This function calls:
		Nothing
 This function is called by:
		_isr
 This function uses a non-reentrant model


 *************** function i1_Set_Bost_Pwm1_Duty *****************
 Defined at:
		line 242 in file "D:\MCUProject\ZH-SL-S4080-1\src\pwm.c"
 Parameters:    Size  Location     Type
  dduty           2    0[COMMON] unsigned int 
 Auto vars:     Size  Location     Type
		None
 Return value:  Size  Location     Type
		None               void
 Registers used:
		wreg, status,2, status,0
 Tracked objects:
		On entry : 
		On exit  : 
		Unchanged: 
 Data sizes:     COMMON   BANK0   BANK1   BANK2   BANK3   BANK4   BANK5   BANK6   BANK7   BANK8   BANK9  BANK10  BANK11  BANK12
      Params:         2       0       0       0       0       0       0       0       0       0       0       0       0       0
      Locals:         0       0       0       0       0       0       0       0       0       0       0       0       0       0
      Temps:          2       0       0       0       0       0       0       0       0       0       0       0       0       0
      Totals:         4       0       0       0       0       0       0       0       0       0       0       0       0       0
Total ram usage:        4 bytes
 Hardware stack levels used:    1
 This function calls:
		Nothing
 This function is called by:
		_isr
 This function uses a non-reentrant model


 *************** function i1_Disable_Bost_Pwm2 *****************
 Defined at:
		line 228 in file "D:\MCUProject\ZH-SL-S4080-1\src\pwm.c"
 Parameters:    Size  Location     Type
		None
 Auto vars:     Size  Location     Type
		None
 Return value:  Size  Location     Type
		None               void
 Registers used:
		None
 Tracked objects:
		On entry : 
		On exit  : 
		Unchanged: 
 Data sizes:     COMMON   BANK0   BANK1   BANK2   BANK3   BANK4   BANK5   BANK6   BANK7   BANK8   BANK9  BANK10  BANK11  BANK12
      Params:         0       0       0       0       0       0       0       0       0       0       0       0       0       0
      Locals:         0       0       0       0       0       0       0       0       0       0       0       0       0       0
      Temps:          0       0       0       0       0       0       0       0       0       0       0       0       0       0
      Totals:         0       0       0       0       0       0       0       0       0       0       0       0       0       0
Total ram usage:        0 bytes
 Hardware stack levels used:    1
 This function calls:
		Nothing
 This function is called by:
		_isr
 This function uses a non-reentrant model


 *************** function i1_Disable_Bost_Pwm1 *****************
 Defined at:
		line 214 in file "D:\MCUProject\ZH-SL-S4080-1\src\pwm.c"
 Parameters:    Size  Location     Type
		None
 Auto vars:     Size  Location     Type
		None
 Return value:  Size  Location     Type
		None               void
 Registers used:
		None
 Tracked objects:
		On entry : 
		On exit  : 
		Unchanged: 
 Data sizes:     COMMON   BANK0   BANK1   BANK2   BANK3   BANK4   BANK5   BANK6   BANK7   BANK8   BANK9  BANK10  BANK11  BANK12
      Params:         0       0       0       0       0       0       0       0       0       0       0       0       0       0
      Locals:         0       0       0       0       0       0       0       0       0       0       0       0       0       0
      Temps:          0       0       0       0       0       0       0       0       0       0       0       0       0       0
      Totals:         0       0       0       0       0       0       0       0       0       0       0       0       0       0
Total ram usage:        0 bytes
 Hardware stack levels used:    1
 This function calls:
		Nothing
 This function is called by:
		_isr
 This function uses a non-reentrant model



MODULE INFORMATION

Module		Function		Class		Link	Load	Size
D:\Program Files (x86)\Microchip\xc8\v1.30\sources\common\ftadd.c
		___ftadd       		CODE           	0B0F	0000	181

D:\Program Files (x86)\Microchip\xc8\v1.30\sources\common\ftadd.c estimated size: 181

D:\Program Files (x86)\Microchip\xc8\v1.30\sources\common\lwdiv.c
		___lwdiv       		CODE           	31B3	0000	37

D:\Program Files (x86)\Microchip\xc8\v1.30\sources\common\lwdiv.c estimated size: 37

D:\Program Files (x86)\Microchip\xc8\v1.30\sources\common\memset.c
		_memset        		CODE           	1EBF	0000	23

D:\Program Files (x86)\Microchip\xc8\v1.30\sources\common\memset.c estimated size: 23

D:\Program Files (x86)\Microchip\xc8\v1.30\sources\common\float.c
		___ftpack      		CODE           	1E85	0000	58

D:\Program Files (x86)\Microchip\xc8\v1.30\sources\common\float.c estimated size: 58

D:\MCUProject\ZH-SL-S4080-1\src\PID.c
		_pid_init      		CODE           	1DF6	0000	10
		_pid_calc      		CODE           	2C81	0000	590
		_pid_calc_2    		CODE           	2A1E	0000	611

D:\MCUProject\ZH-SL-S4080-1\src\PID.c estimated size: 1211

D:\Program Files (x86)\Microchip\xc8\v1.30\sources\common\ftge.c
		___ftge        		CODE           	3472	0000	44

D:\Program Files (x86)\Microchip\xc8\v1.30\sources\common\ftge.c estimated size: 44

D:\MCUProject\ZH-SL-S4080-1\src\uart.c
		_init_uart1    		CODE           	0C3D	0000	17
		_handle_uart_rx		CODE           	1015	0000	1752

D:\MCUProject\ZH-SL-S4080-1\src\uart.c estimated size: 1769

D:\Program Files (x86)\Microchip\xc8\v1.30\sources\common\wmul.c
		___wmul        		CODE           	087A	0000	21

D:\Program Files (x86)\Microchip\xc8\v1.30\sources\common\wmul.c estimated size: 21

D:\MCUProject\ZH-SL-S4080-1\src\task.c
		_Mppt_Charge   		CODE           	330C	0000	341
		_start_ad_conve		CODE           	3038	0000	379
		_handle_ad_loop		CODE           	02B3	0000	9549
		_handle_task_pr		CODE           	1AB3	0000	608

D:\MCUProject\ZH-SL-S4080-1\src\task.c estimated size: 10877

shared
		PL12           		CODE           	1862	0000	10
		PL50           		CODE           	325E	0000	43
		PL8            		CODE           	31D8	0000	120
		PL268          		CODE           	0758	0000	4
		PL22           		CODE           	2EF4	0000	14
		PL60           		CODE           	18BC	0000	10
		PL178          		CODE           	174D	0000	6
		PL368          		CODE           	2A15	0000	5
		PL100          		CODE           	2F44	0000	14
		PL32           		CODE           	3250	0000	10
		PL70           		CODE           	18E7	0000	13
		_CRCLo         		STRCODE        	3901	0000	256
		PL278          		CODE           	2F82	0000	6
		PL200          		CODE           	1765	0000	13
		PL42           		CODE           	29E6	0000	20
		PL80           		CODE           	1908	0000	8
		PL188          		CODE           	06B6	0000	15
		PL378          		CODE           	07BC	0000	5
		PL110          		CODE           	1946	0000	12
		PL300          		CODE           	17EC	0000	6
		PL14           		CODE           	186C	0000	18
		PL52           		CODE           	18A4	0000	17
		PL90           		CODE           	1715	0000	6
		PL288          		CODE           	1FB0	0000	5
		PL210          		CODE           	178C	0000	13
		PL24           		CODE           	1F17	0000	18
		PL62           		CODE           	18C6	0000	23
		PL198          		CODE           	2F5E	0000	6
		__stringtab    		STRCODE        	3800	0000	1
		PL120          		CODE           	1725	0000	7
		PL310          		CODE           	17F2	0000	7
		PL34           		CODE           	187E	0000	7
		PL72           		CODE           	1F3F	0000	23
		PL298          		CODE           	0781	0000	5
		PL220          		CODE           	2F64	0000	6
		PL44           		CODE           	16FF	0000	8
		PL82           		CODE           	1F56	0000	8
		PL130          		CODE           	1F76	0000	19
		PL320          		CODE           	0794	0000	7
		PL16           		CODE           	1ED6	0000	50
		PL54           		CODE           	1F29	0000	22
		PL92           		CODE           	2F20	0000	11
		PL230          		CODE           	070C	0000	12
		PL26           		CODE           	2F02	0000	12
		PL64           		CODE           	18DD	0000	10
		PL102          		CODE           	1936	0000	9
		PL140          		CODE           	1997	0000	9
		PL330          		CODE           	0FC8	0000	7
		PL36           		CODE           	1885	0000	7
		PL74           		CODE           	18F4	0000	7
		PL202          		CODE           	3289	0000	13
		PL240          		CODE           	1F9F	0000	12
		PL46           		CODE           	325A	0000	4
		PL84           		CODE           	1910	0000	8
		PL112          		CODE           	1952	0000	12
		PL302          		CODE           	2F94	0000	6
		PL150          		CODE           	1F89	0000	10
		PL340          		CODE           	2FBA	0000	6
		PL18           		CODE           	1F08	0000	15
		PL56           		CODE           	170E	0000	7
		PL94           		CODE           	1930	0000	6
		PL212          		CODE           	1799	0000	13
		PL250          		CODE           	34EC	0000	8
		PL28           		CODE           	2F0E	0000	12
		PL66           		CODE           	29FA	0000	9
		PL122          		CODE           	1F5E	0000	6
		PL312          		CODE           	2FA7	0000	5
		PL160          		CODE           	0677	0000	16
		PL350          		CODE           	07B2	0000	5
		PL38           		CODE           	188C	0000	12
		PL76           		CODE           	18FB	0000	13
		PL222          		CODE           	1F93	0000	12
		PL260          		CODE           	074E	0000	10
		PL48           		CODE           	1707	0000	7
		PL86           		CODE           	1918	0000	12
		PL132          		CODE           	196A	0000	19
		PL322          		CODE           	1FC3	0000	7
		PL170          		CODE           	1741	0000	6
		PL360          		CODE           	0FD5	0000	6
		PL58           		CODE           	18B5	0000	7
		PL96           		CODE           	2F2B	0000	11
		PL232          		CODE           	0718	0000	12
		PL270          		CODE           	075C	0000	7
		PL68           		CODE           	349E	0000	13
		PL104          		CODE           	193F	0000	7
		PL142          		CODE           	2F52	0000	4
		PL332          		CODE           	07A1	0000	6
		PL180          		CODE           	06B0	0000	6
		PL370          		CODE           	2A1A	0000	4
		PL78           		CODE           	2F1A	0000	6
		PL204          		CODE           	06DF	0000	13
		PL242          		CODE           	2F71	0000	6
		PL280          		CODE           	2F88	0000	6
		PL88           		CODE           	1924	0000	12
		PL114          		CODE           	2A03	0000	7
		PL304          		CODE           	2F9A	0000	6
		PL152          		CODE           	0648	0000	17
		PL342          		CODE           	0FCF	0000	6
		PL190          		CODE           	06C5	0000	8
		PL380          		CODE           	2FEC	0000	5
		PL98           		CODE           	2F36	0000	14
		PL214          		CODE           	06EC	0000	13
		PL252          		CODE           	0730	0000	10
		PL290          		CODE           	17E4	0000	8
		PL124          		CODE           	1F64	0000	12
		PL314          		CODE           	2FAC	0000	7
		PL162          		CODE           	0687	0000	10
		PL352          		CODE           	2FCB	0000	6
		__initializatio		CODE           	0929	0000	169
		PL224          		CODE           	06F9	0000	12
		PL262          		CODE           	34F4	0000	10
		PL134          		CODE           	172C	0000	4
		PL324          		CODE           	1FCA	0000	4
		PL172          		CODE           	34D8	0000	8
		PL362          		CODE           	1FCE	0000	6
		PL234          		CODE           	2F6A	0000	7
		PL272          		CODE           	2A0F	0000	6
		i1_Set_Bost_Pwm		CODE           	1FD9	0000	35
		i1_Set_Bost_Pwm		CODE           	08D8	0000	38
		PL106          		CODE           	34AB	0000	13
		PL144          		CODE           	1730	0000	11
		PL334          		CODE           	07A7	0000	6
		PL182          		CODE           	1753	0000	6
		PL372          		CODE           	1FFC	0000	4
		PL206          		CODE           	1772	0000	13
		PL244          		CODE           	17CB	0000	12
		PL282          		CODE           	2F8E	0000	6
		PL116          		CODE           	195E	0000	12
		PL306          		CODE           	2FA0	0000	7
		PL154          		CODE           	0659	0000	10
		PL344          		CODE           	2FC0	0000	6
		PL192          		CODE           	2F56	0000	8
		PL382          		CODE           	2FF1	0000	5
		PL216          		CODE           	17A6	0000	13
		PL254          		CODE           	073A	0000	10
		PL292          		CODE           	1FB5	0000	7
		PL126          		CODE           	34C4	0000	12
		PL316          		CODE           	1FBC	0000	7
		PL164          		CODE           	0691	0000	16
		PL354          		CODE           	2FD1	0000	5
		PL226          		CODE           	34E0	0000	12
		PL264          		CODE           	34FE	0000	6
		_CRCHi         		STRCODE        	3801	0000	256
		PL136          		CODE           	197D	0000	8
		PL326          		CODE           	3504	0000	7
		PL174          		CODE           	1747	0000	6
		PL364          		CODE           	2FDC	0000	6
		PL236          		CODE           	2A0A	0000	5
		PL274          		CODE           	1FAB	0000	5
		PL108          		CODE           	171B	0000	10
		PL146          		CODE           	19A0	0000	4294962327
		PL336          		CODE           	2FB3	0000	7
		PL184          		CODE           	1759	0000	6
		PL374          		CODE           	2FE2	0000	5
		PL208          		CODE           	177F	0000	13
		PL246          		CODE           	0724	0000	12
		PL284          		CODE           	0763	0000	5
		PL118          		CODE           	34B8	0000	12
		PL308          		CODE           	0786	0000	7
		PL156          		CODE           	0663	0000	10
		PL346          		CODE           	07AD	0000	5
		PL194          		CODE           	06CD	0000	9
		PL384          		CODE           	2FF6	0000	5
		PL218          		CODE           	17B3	0000	13
		PL256          		CODE           	2F7D	0000	5
		PL294          		CODE           	0771	0000	8
		PL128          		CODE           	1F70	0000	6
		PL318          		CODE           	078D	0000	7
		PL166          		CODE           	34D0	0000	8
		PL356          		CODE           	2FD6	0000	6
		PL228          		CODE           	0705	0000	7
		PL266          		CODE           	17D7	0000	7
		PL138          		CODE           	1985	0000	18
		PL328          		CODE           	079B	0000	6
		PL176          		CODE           	06A1	0000	15
		PL366          		CODE           	1FD4	0000	5
		PL2            		CODE           	1835	0000	19
		PL238          		CODE           	17C0	0000	11
		PL276          		CODE           	17DE	0000	6
		PL148          		CODE           	0637	0000	17
		PL338          		CODE           	17F9	0000	7
		PL186          		CODE           	175F	0000	6
		PL376          		CODE           	2FE7	0000	5
		PL10           		CODE           	16ED	0000	18
		PL4            		CODE           	1848	0000	15
		i1_Disable_Bost		CODE           	0844	0000	5
		PL248          		CODE           	2F77	0000	6
		PL286          		CODE           	0768	0000	9
		PL20           		CODE           	2EE6	0000	14
		PL158          		CODE           	066D	0000	10
		PL348          		CODE           	2FC6	0000	5
		PL196          		CODE           	06D6	0000	9
		PL386          		CODE           	2FFB	0000	5
		PL30           		CODE           	0FC0	0000	8
		PL6            		CODE           	1857	0000	11
		i1_Disable_Bost		CODE           	0849	0000	5
		PL258          		CODE           	0744	0000	10
		PL296          		CODE           	0779	0000	8
		PL40           		CODE           	1898	0000	12
		PL168          		CODE           	173B	0000	6
		PL358          		CODE           	07B7	0000	5

shared estimated size: 4294965051

D:\MCUProject\ZH-SL-S4080-1\src\timer.c
		_init_timer1   		CODE           	0C30	0000	13

D:\MCUProject\ZH-SL-S4080-1\src\timer.c estimated size: 13

D:\Program Files (x86)\Microchip\xc8\v1.30\sources\common\lldiv.c
		___lldiv       		CODE           	07C1	0000	63

D:\Program Files (x86)\Microchip\xc8\v1.30\sources\common\lldiv.c estimated size: 63

D:\Program Files (x86)\Microchip\xc8\v1.30\sources\common\ftsub.c
		___ftsub       		CODE           	2ECF	0000	23

D:\Program Files (x86)\Microchip\xc8\v1.30\sources\common\ftsub.c estimated size: 23

D:\MCUProject\ZH-SL-S4080-1\src\Modbus.c
		_crc16         		CODE           	08FE	0000	43

D:\MCUProject\ZH-SL-S4080-1\src\Modbus.c estimated size: 43

D:\Program Files (x86)\Microchip\xc8\v1.30\sources\pic\eewrite.c
		_eeprom_write  		CODE           	29BA	0000	29

D:\Program Files (x86)\Microchip\xc8\v1.30\sources\pic\eewrite.c estimated size: 29

D:\MCUProject\ZH-SL-S4080-1\src\pwm.c
		_Enable_Buck_Pw		CODE           	0840	0000	4
		_Enable_Bost_Pw		CODE           	29DC	0000	5
		_Enable_Bost_Pw		CODE           	29E1	0000	5
		_Set_Buck_Pwm_D		CODE           	1E5A	0000	43
		_Disable_Bost_P		CODE           	29D7	0000	5
		_Disable_Bost_P		CODE           	1DF1	0000	5
		_init_pwm      		CODE           	0F76	0000	74
		_Set_Bost_Pwm1_		CODE           	1D13	0000	43
		_Set_Bost_Pwm2_		CODE           	1D3E	0000	46
		_Disable_Buck_P		CODE           	1E55	0000	5

D:\MCUProject\ZH-SL-S4080-1\src\pwm.c estimated size: 235

D:\Program Files (x86)\Microchip\xc8\v1.30\sources\common\ftmul.c
		___ftmul       		CODE           	0AAA	0000	101

D:\Program Files (x86)\Microchip\xc8\v1.30\sources\common\ftmul.c estimated size: 101

D:\Program Files (x86)\Microchip\xc8\v1.30\sources\common\fttol.c
		___fttol       		CODE           	1E00	0000	85

D:\Program Files (x86)\Microchip\xc8\v1.30\sources\common\fttol.c estimated size: 85

D:\Program Files (x86)\Microchip\xc8\v1.30\sources\pic\ftdiv.c
		___ftdiv       		CODE           	1D8F	0000	98

D:\Program Files (x86)\Microchip\xc8\v1.30\sources\pic\ftdiv.c estimated size: 98

D:\MCUProject\ZH-SL-S4080-1\src\main.c
		_middle_init   		CODE           	0C4E	0000	4
		_driver_init   		CODE           	0BC4	0000	17
		_init_port     		CODE           	0C17	0000	25
		_main          		CODE           	09D4	0000	92
		_application_in		CODE           	0A30	0000	122
		_init_osc      		CODE           	0C0F	0000	8

D:\MCUProject\ZH-SL-S4080-1\src\main.c estimated size: 268

D:\Program Files (x86)\Microchip\xc8\v1.30\sources\common\lmul.c
		___lmul        		CODE           	0FDB	0000	37

D:\Program Files (x86)\Microchip\xc8\v1.30\sources\common\lmul.c estimated size: 37

D:\Program Files (x86)\Microchip\xc8\v1.30\sources\common\awtoft.c
		___awtoft      		CODE           	0F49	0000	28

D:\Program Files (x86)\Microchip\xc8\v1.30\sources\common\awtoft.c estimated size: 28

D:\Program Files (x86)\Microchip\xc8\v1.30\sources\common\lbtoft.c
		___lbtoft      		CODE           	0F65	0000	17

D:\Program Files (x86)\Microchip\xc8\v1.30\sources\common\lbtoft.c estimated size: 17

D:\MCUProject\ZH-SL-S4080-1\src\interrupt.c
		_init_interrupt		CODE           	0C52	0000	13
		_isr           		CODE           	0004	0000	685

D:\MCUProject\ZH-SL-S4080-1\src\interrupt.c estimated size: 698

D:\Program Files (x86)\Microchip\xc8\v1.30\sources\pic\eeread.c
		_eeprom_read   		CODE           	0F32	0000	23

D:\Program Files (x86)\Microchip\xc8\v1.30\sources\pic\eeread.c estimated size: 23

D:\MCUProject\ZH-SL-S4080-1\src\adc.c
		_init_adc      		CODE           	0BEA	0000	31

D:\MCUProject\ZH-SL-S4080-1\src\adc.c estimated size: 31

D:\MCUProject\ZH-SL-S4080-1\src\ird_remote.c
		_Key_Menu      		CODE           	19A6	0000	269
		_read_param_eep		CODE           	0C5F	0000	723
		_auto_system   		CODE           	3296	0000	118
		_Init_Ird      		CODE           	0BD5	0000	21

D:\MCUProject\ZH-SL-S4080-1\src\ird_remote.c estimated size: 1131

D:\Program Files (x86)\Microchip\xc8\v1.30\sources\common\lwtoft.c
		___lwtoft      		CODE           	3461	0000	17

D:\Program Files (x86)\Microchip\xc8\v1.30\sources\common\lwtoft.c estimated size: 17

D:\MCUProject\ZH-SL-S4080-1\src\key.c
		_init_key      		CODE           	0C09	0000	6
		_scan_key_value		CODE           	2845	0000	373

D:\MCUProject\ZH-SL-S4080-1\src\key.c estimated size: 379

D:\MCUProject\ZH-SL-S4080-1\src\delay.c
		_delay_ms      		CODE           	1D6C	0000	35

D:\MCUProject\ZH-SL-S4080-1\src\delay.c estimated size: 35

